Analysis & Synthesis report for actividad2_1
Sat Mar 14 23:08:24 2026
Quartus II 64-Bit Version 13.0.1 Build 232 06/12/2013 Service Pack 1 SJ Web Edition


---------------------
; Table of Contents ;
---------------------
  1. Legal Notice
  2. Analysis & Synthesis Summary
  3. Analysis & Synthesis Settings
  4. Parallel Compilation
  5. Analysis & Synthesis Source Files Read
  6. Analysis & Synthesis Resource Usage Summary
  7. Analysis & Synthesis Resource Utilization by Entity
  8. Registers Removed During Synthesis
  9. General Register Statistics
 10. Multiplexer Restructuring Statistics (Restructuring Performed)
 11. Parameter Settings for User Entity Instance: cd:caminodatos|registro:PCR
 12. Parameter Settings for User Entity Instance: cd:caminodatos|mux2:muxpc
 13. Parameter Settings for User Entity Instance: cd:caminodatos|mux2:muxescritura
 14. Parameter Settings for User Entity Instance: cd:caminodatos|mux2:muxpila
 15. Parameter Settings for User Entity Instance: cd:caminodatos|mux2:muxr1
 16. Port Connectivity Checks: "cd:caminodatos|sum:suma_inc"
 17. Elapsed Time Per Partition
 18. Analysis & Synthesis Messages
 19. Analysis & Synthesis Suppressed Messages



----------------
; Legal Notice ;
----------------
Copyright (C) 1991-2013 Altera Corporation
Your use of Altera Corporation's design tools, logic functions 
and other software and tools, and its AMPP partner logic 
functions, and any output files from any of the foregoing 
(including device programming or simulation files), and any 
associated documentation or information are expressly subject 
to the terms and conditions of the Altera Program License 
Subscription Agreement, Altera MegaCore Function License 
Agreement, or other applicable license agreement, including, 
without limitation, that your use is for the sole purpose of 
programming logic devices manufactured by Altera and sold by 
Altera or its authorized distributors.  Please refer to the 
applicable agreement for further details.



+--------------------------------------------------------------------------------------+
; Analysis & Synthesis Summary                                                         ;
+------------------------------------+-------------------------------------------------+
; Analysis & Synthesis Status        ; Successful - Sat Mar 14 23:08:24 2026           ;
; Quartus II 64-Bit Version          ; 13.0.1 Build 232 06/12/2013 SP 1 SJ Web Edition ;
; Revision Name                      ; actividad2_1                                    ;
; Top-level Entity Name              ; cpu                                             ;
; Family                             ; Cyclone II                                      ;
; Total logic elements               ; 2,660                                           ;
;     Total combinational functions  ; 1,390                                           ;
;     Dedicated logic registers      ; 1,329                                           ;
; Total registers                    ; 1329                                            ;
; Total pins                         ; 12                                              ;
; Total virtual pins                 ; 0                                               ;
; Total memory bits                  ; 0                                               ;
; Embedded Multiplier 9-bit elements ; 0                                               ;
; Total PLLs                         ; 0                                               ;
+------------------------------------+-------------------------------------------------+


+----------------------------------------------------------------------------------------------------------------------+
; Analysis & Synthesis Settings                                                                                        ;
+----------------------------------------------------------------------------+--------------------+--------------------+
; Option                                                                     ; Setting            ; Default Value      ;
+----------------------------------------------------------------------------+--------------------+--------------------+
; Device                                                                     ; EP2C20F484C7       ;                    ;
; Top-level entity name                                                      ; cpu                ; actividad2_1       ;
; Family name                                                                ; Cyclone II         ; Cyclone IV GX      ;
; Use smart compilation                                                      ; Off                ; Off                ;
; Enable parallel Assembler and TimeQuest Timing Analyzer during compilation ; On                 ; On                 ;
; Enable compact report table                                                ; Off                ; Off                ;
; Restructure Multiplexers                                                   ; Auto               ; Auto               ;
; Create Debugging Nodes for IP Cores                                        ; Off                ; Off                ;
; Preserve fewer node names                                                  ; On                 ; On                 ;
; Disable OpenCore Plus hardware evaluation                                  ; Off                ; Off                ;
; Verilog Version                                                            ; Verilog_2001       ; Verilog_2001       ;
; VHDL Version                                                               ; VHDL_1993          ; VHDL_1993          ;
; State Machine Processing                                                   ; Auto               ; Auto               ;
; Safe State Machine                                                         ; Off                ; Off                ;
; Extract Verilog State Machines                                             ; On                 ; On                 ;
; Extract VHDL State Machines                                                ; On                 ; On                 ;
; Ignore Verilog initial constructs                                          ; Off                ; Off                ;
; Iteration limit for constant Verilog loops                                 ; 5000               ; 5000               ;
; Iteration limit for non-constant Verilog loops                             ; 250                ; 250                ;
; Add Pass-Through Logic to Inferred RAMs                                    ; On                 ; On                 ;
; Infer RAMs from Raw Logic                                                  ; On                 ; On                 ;
; Parallel Synthesis                                                         ; On                 ; On                 ;
; DSP Block Balancing                                                        ; Auto               ; Auto               ;
; NOT Gate Push-Back                                                         ; On                 ; On                 ;
; Power-Up Don't Care                                                        ; On                 ; On                 ;
; Remove Redundant Logic Cells                                               ; Off                ; Off                ;
; Remove Duplicate Registers                                                 ; On                 ; On                 ;
; Ignore CARRY Buffers                                                       ; Off                ; Off                ;
; Ignore CASCADE Buffers                                                     ; Off                ; Off                ;
; Ignore GLOBAL Buffers                                                      ; Off                ; Off                ;
; Ignore ROW GLOBAL Buffers                                                  ; Off                ; Off                ;
; Ignore LCELL Buffers                                                       ; Off                ; Off                ;
; Ignore SOFT Buffers                                                        ; On                 ; On                 ;
; Limit AHDL Integers to 32 Bits                                             ; Off                ; Off                ;
; Optimization Technique                                                     ; Balanced           ; Balanced           ;
; Carry Chain Length                                                         ; 70                 ; 70                 ;
; Auto Carry Chains                                                          ; On                 ; On                 ;
; Auto Open-Drain Pins                                                       ; On                 ; On                 ;
; Perform WYSIWYG Primitive Resynthesis                                      ; Off                ; Off                ;
; Auto ROM Replacement                                                       ; On                 ; On                 ;
; Auto RAM Replacement                                                       ; On                 ; On                 ;
; Auto Shift Register Replacement                                            ; Auto               ; Auto               ;
; Allow Shift Register Merging across Hierarchies                            ; Auto               ; Auto               ;
; Auto Clock Enable Replacement                                              ; On                 ; On                 ;
; Strict RAM Replacement                                                     ; Off                ; Off                ;
; Allow Synchronous Control Signals                                          ; On                 ; On                 ;
; Force Use of Synchronous Clear Signals                                     ; Off                ; Off                ;
; Auto RAM to Logic Cell Conversion                                          ; Off                ; Off                ;
; Auto Resource Sharing                                                      ; Off                ; Off                ;
; Allow Any RAM Size For Recognition                                         ; Off                ; Off                ;
; Allow Any ROM Size For Recognition                                         ; Off                ; Off                ;
; Allow Any Shift Register Size For Recognition                              ; Off                ; Off                ;
; Use LogicLock Constraints during Resource Balancing                        ; On                 ; On                 ;
; Ignore translate_off and synthesis_off directives                          ; Off                ; Off                ;
; Timing-Driven Synthesis                                                    ; Off                ; Off                ;
; Report Parameter Settings                                                  ; On                 ; On                 ;
; Report Source Assignments                                                  ; On                 ; On                 ;
; Report Connectivity Checks                                                 ; On                 ; On                 ;
; Ignore Maximum Fan-Out Assignments                                         ; Off                ; Off                ;
; Synchronization Register Chain Length                                      ; 2                  ; 2                  ;
; PowerPlay Power Optimization                                               ; Normal compilation ; Normal compilation ;
; HDL message level                                                          ; Level2             ; Level2             ;
; Suppress Register Optimization Related Messages                            ; Off                ; Off                ;
; Number of Removed Registers Reported in Synthesis Report                   ; 5000               ; 5000               ;
; Number of Swept Nodes Reported in Synthesis Report                         ; 5000               ; 5000               ;
; Number of Inverted Registers Reported in Synthesis Report                  ; 100                ; 100                ;
; Clock MUX Protection                                                       ; On                 ; On                 ;
; Auto Gated Clock Conversion                                                ; Off                ; Off                ;
; Block Design Naming                                                        ; Auto               ; Auto               ;
; SDC constraint protection                                                  ; Off                ; Off                ;
; Synthesis Effort                                                           ; Auto               ; Auto               ;
; Shift Register Replacement - Allow Asynchronous Clear Signal               ; On                 ; On                 ;
; Pre-Mapping Resynthesis Optimization                                       ; Off                ; Off                ;
; Analysis & Synthesis Message Level                                         ; Medium             ; Medium             ;
; Disable Register Merging Across Hierarchies                                ; Auto               ; Auto               ;
; Resource Aware Inference For Block RAM                                     ; On                 ; On                 ;
; Synthesis Seed                                                             ; 1                  ; 1                  ;
+----------------------------------------------------------------------------+--------------------+--------------------+


Parallel compilation was disabled, but you have multiple processors available. Enable parallel compilation to reduce compilation time.
+-------------------------------------+
; Parallel Compilation                ;
+----------------------------+--------+
; Processors                 ; Number ;
+----------------------------+--------+
; Number detected on machine ; 24     ;
; Maximum allowed            ; 1      ;
+----------------------------+--------+


+-----------------------------------------------------------------------------------------------------------------------------------------------------------------------------------------------------------------------------+
; Analysis & Synthesis Source Files Read                                                                                                                                                                                      ;
+------------------------------------------------------------------------------+-----------------+------------------------------+-----------------------------------------------------------------------------------+---------+
; File Name with User-Entered Path                                             ; Used in Netlist ; File Type                    ; File Name with Absolute Path                                                      ; Library ;
+------------------------------------------------------------------------------+-----------------+------------------------------+-----------------------------------------------------------------------------------+---------+
; uc.v                                                                         ; yes             ; User Verilog HDL File        ; C:/Users/User/Desktop/Proyectos/3/Diseno_Procesadores/Actividad_2_1/uc.v          ;         ;
; memprog.v                                                                    ; yes             ; User Verilog HDL File        ; C:/Users/User/Desktop/Proyectos/3/Diseno_Procesadores/Actividad_2_1/memprog.v     ;         ;
; cpu.v                                                                        ; yes             ; User Verilog HDL File        ; C:/Users/User/Desktop/Proyectos/3/Diseno_Procesadores/Actividad_2_1/cpu.v         ;         ;
; componentes.v                                                                ; yes             ; User Verilog HDL File        ; C:/Users/User/Desktop/Proyectos/3/Diseno_Procesadores/Actividad_2_1/componentes.v ;         ;
; cd.v                                                                         ; yes             ; User Verilog HDL File        ; C:/Users/User/Desktop/Proyectos/3/Diseno_Procesadores/Actividad_2_1/cd.v          ;         ;
; alu.v                                                                        ; yes             ; User Verilog HDL File        ; C:/Users/User/Desktop/Proyectos/3/Diseno_Procesadores/Actividad_2_1/alu.v         ;         ;
; /users/user/desktop/proyectos/3/diseno_procesadores/actividad_2/regfile.dat  ; yes             ; Auto-Found Unspecified File  ; /users/user/desktop/proyectos/3/diseno_procesadores/actividad_2/regfile.dat       ;         ;
; /users/user/desktop/proyectos/3/diseno_procesadores/actividad_2/progfile.dat ; yes             ; Auto-Found Unspecified File  ; /users/user/desktop/proyectos/3/diseno_procesadores/actividad_2/progfile.dat      ;         ;
+------------------------------------------------------------------------------+-----------------+------------------------------+-----------------------------------------------------------------------------------+---------+


+-----------------------------------------------------+
; Analysis & Synthesis Resource Usage Summary         ;
+---------------------------------------------+-------+
; Resource                                    ; Usage ;
+---------------------------------------------+-------+
; Estimated Total logic elements              ; 2,660 ;
;                                             ;       ;
; Total combinational functions               ; 1390  ;
; Logic element usage by number of LUT inputs ;       ;
;     -- 4 input functions                    ; 1241  ;
;     -- 3 input functions                    ; 115   ;
;     -- <=2 input functions                  ; 34    ;
;                                             ;       ;
; Logic elements by mode                      ;       ;
;     -- normal mode                          ; 1317  ;
;     -- arithmetic mode                      ; 73    ;
;                                             ;       ;
; Total registers                             ; 1329  ;
;     -- Dedicated logic registers            ; 1329  ;
;     -- I/O registers                        ; 0     ;
;                                             ;       ;
; I/O pins                                    ; 12    ;
; Embedded Multiplier 9-bit elements          ; 0     ;
; Maximum fan-out node                        ; clk   ;
; Maximum fan-out                             ; 1329  ;
; Total fan-out                               ; 9383  ;
; Average fan-out                             ; 3.44  ;
+---------------------------------------------+-------+


+----------------------------------------------------------------------------------------------------------------------------------------------------------------------------------------------------------+
; Analysis & Synthesis Resource Utilization by Entity                                                                                                                                                      ;
+---------------------------------+-------------------+--------------+-------------+--------------+---------+-----------+------+--------------+---------------------------------------------+--------------+
; Compilation Hierarchy Node      ; LC Combinationals ; LC Registers ; Memory Bits ; DSP Elements ; DSP 9x9 ; DSP 18x18 ; Pins ; Virtual Pins ; Full Hierarchy Name                         ; Library Name ;
+---------------------------------+-------------------+--------------+-------------+--------------+---------+-----------+------+--------------+---------------------------------------------+--------------+
; |cpu                            ; 1390 (0)          ; 1329 (0)     ; 0           ; 0            ; 0       ; 0         ; 12   ; 0            ; |cpu                                        ; work         ;
;    |cd:caminodatos|             ; 1367 (8)          ; 1329 (0)     ; 0           ; 0            ; 0       ; 0         ; 0    ; 0            ; |cpu|cd:caminodatos                         ; work         ;
;       |alu:mialu|               ; 182 (182)         ; 0 (0)        ; 0           ; 0            ; 0       ; 0         ; 0    ; 0            ; |cpu|cd:caminodatos|alu:mialu               ; work         ;
;       |ffd:carry|               ; 0 (0)             ; 1 (1)        ; 0           ; 0            ; 0       ; 0         ; 0    ; 0            ; |cpu|cd:caminodatos|ffd:carry               ; work         ;
;       |ffd:neg|                 ; 0 (0)             ; 1 (1)        ; 0           ; 0            ; 0       ; 0         ; 0    ; 0            ; |cpu|cd:caminodatos|ffd:neg                 ; work         ;
;       |ffd:zer|                 ; 0 (0)             ; 1 (1)        ; 0           ; 0            ; 0       ; 0         ; 0    ; 0            ; |cpu|cd:caminodatos|ffd:zer                 ; work         ;
;       |memdat:memoriadatos|     ; 752 (752)         ; 1024 (1024)  ; 0           ; 0            ; 0       ; 0         ; 0    ; 0            ; |cpu|cd:caminodatos|memdat:memoriadatos     ; work         ;
;       |memprog:memoriaprograma| ; 26 (26)           ; 0 (0)        ; 0           ; 0            ; 0       ; 0         ; 0    ; 0            ; |cpu|cd:caminodatos|memprog:memoriaprograma ; work         ;
;       |mux2:muxescritura|       ; 16 (16)           ; 0 (0)        ; 0           ; 0            ; 0       ; 0         ; 0    ; 0            ; |cpu|cd:caminodatos|mux2:muxescritura       ; work         ;
;       |mux2:muxpila|            ; 4 (4)             ; 0 (0)        ; 0           ; 0            ; 0       ; 0         ; 0    ; 0            ; |cpu|cd:caminodatos|mux2:muxpila            ; work         ;
;       |mux2:muxr1|              ; 18 (18)           ; 0 (0)        ; 0           ; 0            ; 0       ; 0         ; 0    ; 0            ; |cpu|cd:caminodatos|mux2:muxr1              ; work         ;
;       |regfile:regs|            ; 204 (204)         ; 128 (128)    ; 0           ; 0            ; 0       ; 0         ; 0    ; 0            ; |cpu|cd:caminodatos|regfile:regs            ; work         ;
;       |registro:PCR|            ; 6 (6)             ; 10 (10)      ; 0           ; 0            ; 0       ; 0         ; 0    ; 0            ; |cpu|cd:caminodatos|registro:PCR            ; work         ;
;       |stack:pila|              ; 141 (141)         ; 164 (164)    ; 0           ; 0            ; 0       ; 0         ; 0    ; 0            ; |cpu|cd:caminodatos|stack:pila              ; work         ;
;       |sum:suma_inc|            ; 10 (10)           ; 0 (0)        ; 0           ; 0            ; 0       ; 0         ; 0    ; 0            ; |cpu|cd:caminodatos|sum:suma_inc            ; work         ;
;    |uc:unidadcontrol|           ; 23 (23)           ; 0 (0)        ; 0           ; 0            ; 0       ; 0         ; 0    ; 0            ; |cpu|uc:unidadcontrol                       ; work         ;
+---------------------------------+-------------------+--------------+-------------+--------------+---------+-----------+------+--------------+---------------------------------------------+--------------+
Note: For table entries with two numbers listed, the numbers in parentheses indicate the number of resources of the given type used by the specific entity alone. The numbers listed outside of parentheses indicate the total resources of the given type used by the specific entity and all of its sub-entities in the hierarchy.


+--------------------------------------------------------------+
; Registers Removed During Synthesis                           ;
+-----------------------------------------+--------------------+
; Register name                           ; Reason for Removal ;
+-----------------------------------------+--------------------+
; cd:caminodatos|regfile:regs|regb~128    ; Lost fanout        ;
; cd:caminodatos|regfile:regs|regb~129    ; Lost fanout        ;
; cd:caminodatos|regfile:regs|regb~130    ; Lost fanout        ;
; cd:caminodatos|regfile:regs|regb~131    ; Lost fanout        ;
; cd:caminodatos|regfile:regs|regb~132    ; Lost fanout        ;
; cd:caminodatos|regfile:regs|regb~133    ; Lost fanout        ;
; cd:caminodatos|regfile:regs|regb~134    ; Lost fanout        ;
; cd:caminodatos|regfile:regs|regb~135    ; Lost fanout        ;
; cd:caminodatos|regfile:regs|regb~136    ; Lost fanout        ;
; cd:caminodatos|regfile:regs|regb~137    ; Lost fanout        ;
; cd:caminodatos|regfile:regs|regb~138    ; Lost fanout        ;
; cd:caminodatos|regfile:regs|regb~139    ; Lost fanout        ;
; cd:caminodatos|regfile:regs|regb~140    ; Lost fanout        ;
; cd:caminodatos|regfile:regs|regb~141    ; Lost fanout        ;
; cd:caminodatos|regfile:regs|regb~142    ; Lost fanout        ;
; cd:caminodatos|regfile:regs|regb~143    ; Lost fanout        ;
; cd:caminodatos|regfile:regs|regb~144    ; Lost fanout        ;
; cd:caminodatos|regfile:regs|regb~145    ; Lost fanout        ;
; cd:caminodatos|regfile:regs|regb~146    ; Lost fanout        ;
; cd:caminodatos|regfile:regs|regb~147    ; Lost fanout        ;
; cd:caminodatos|regfile:regs|regb~148    ; Lost fanout        ;
; cd:caminodatos|regfile:regs|regb~149    ; Lost fanout        ;
; cd:caminodatos|regfile:regs|regb~150    ; Lost fanout        ;
; cd:caminodatos|regfile:regs|regb~151    ; Lost fanout        ;
; cd:caminodatos|regfile:regs|regb~152    ; Lost fanout        ;
; cd:caminodatos|regfile:regs|regb~153    ; Lost fanout        ;
; cd:caminodatos|regfile:regs|regb~154    ; Lost fanout        ;
; cd:caminodatos|regfile:regs|regb~155    ; Lost fanout        ;
; cd:caminodatos|regfile:regs|regb~156    ; Lost fanout        ;
; cd:caminodatos|regfile:regs|regb~157    ; Lost fanout        ;
; cd:caminodatos|regfile:regs|regb~158    ; Lost fanout        ;
; cd:caminodatos|regfile:regs|regb~159    ; Lost fanout        ;
; cd:caminodatos|regfile:regs|regb~160    ; Lost fanout        ;
; cd:caminodatos|regfile:regs|regb~161    ; Lost fanout        ;
; cd:caminodatos|regfile:regs|regb~162    ; Lost fanout        ;
; cd:caminodatos|regfile:regs|regb~163    ; Lost fanout        ;
; cd:caminodatos|regfile:regs|regb~164    ; Lost fanout        ;
; cd:caminodatos|regfile:regs|regb~165    ; Lost fanout        ;
; cd:caminodatos|regfile:regs|regb~166    ; Lost fanout        ;
; cd:caminodatos|regfile:regs|regb~167    ; Lost fanout        ;
; cd:caminodatos|regfile:regs|regb~168    ; Lost fanout        ;
; cd:caminodatos|regfile:regs|regb~169    ; Lost fanout        ;
; cd:caminodatos|regfile:regs|regb~170    ; Lost fanout        ;
; cd:caminodatos|regfile:regs|regb~171    ; Lost fanout        ;
; cd:caminodatos|regfile:regs|regb~172    ; Lost fanout        ;
; cd:caminodatos|regfile:regs|regb~173    ; Lost fanout        ;
; cd:caminodatos|regfile:regs|regb~174    ; Lost fanout        ;
; cd:caminodatos|regfile:regs|regb~175    ; Lost fanout        ;
; cd:caminodatos|regfile:regs|regb~176    ; Lost fanout        ;
; cd:caminodatos|regfile:regs|regb~177    ; Lost fanout        ;
; cd:caminodatos|regfile:regs|regb~178    ; Lost fanout        ;
; cd:caminodatos|regfile:regs|regb~179    ; Lost fanout        ;
; cd:caminodatos|regfile:regs|regb~180    ; Lost fanout        ;
; cd:caminodatos|regfile:regs|regb~181    ; Lost fanout        ;
; cd:caminodatos|regfile:regs|regb~182    ; Lost fanout        ;
; cd:caminodatos|regfile:regs|regb~183    ; Lost fanout        ;
; cd:caminodatos|regfile:regs|regb~184    ; Lost fanout        ;
; cd:caminodatos|regfile:regs|regb~185    ; Lost fanout        ;
; cd:caminodatos|regfile:regs|regb~186    ; Lost fanout        ;
; cd:caminodatos|regfile:regs|regb~187    ; Lost fanout        ;
; cd:caminodatos|regfile:regs|regb~188    ; Lost fanout        ;
; cd:caminodatos|regfile:regs|regb~189    ; Lost fanout        ;
; cd:caminodatos|regfile:regs|regb~190    ; Lost fanout        ;
; cd:caminodatos|regfile:regs|regb~191    ; Lost fanout        ;
; cd:caminodatos|regfile:regs|regb~192    ; Lost fanout        ;
; cd:caminodatos|regfile:regs|regb~193    ; Lost fanout        ;
; cd:caminodatos|regfile:regs|regb~194    ; Lost fanout        ;
; cd:caminodatos|regfile:regs|regb~195    ; Lost fanout        ;
; cd:caminodatos|regfile:regs|regb~196    ; Lost fanout        ;
; cd:caminodatos|regfile:regs|regb~197    ; Lost fanout        ;
; cd:caminodatos|regfile:regs|regb~198    ; Lost fanout        ;
; cd:caminodatos|regfile:regs|regb~199    ; Lost fanout        ;
; cd:caminodatos|regfile:regs|regb~200    ; Lost fanout        ;
; cd:caminodatos|regfile:regs|regb~201    ; Lost fanout        ;
; cd:caminodatos|regfile:regs|regb~202    ; Lost fanout        ;
; cd:caminodatos|regfile:regs|regb~203    ; Lost fanout        ;
; cd:caminodatos|regfile:regs|regb~204    ; Lost fanout        ;
; cd:caminodatos|regfile:regs|regb~205    ; Lost fanout        ;
; cd:caminodatos|regfile:regs|regb~206    ; Lost fanout        ;
; cd:caminodatos|regfile:regs|regb~207    ; Lost fanout        ;
; cd:caminodatos|regfile:regs|regb~208    ; Lost fanout        ;
; cd:caminodatos|regfile:regs|regb~209    ; Lost fanout        ;
; cd:caminodatos|regfile:regs|regb~210    ; Lost fanout        ;
; cd:caminodatos|regfile:regs|regb~211    ; Lost fanout        ;
; cd:caminodatos|regfile:regs|regb~212    ; Lost fanout        ;
; cd:caminodatos|regfile:regs|regb~213    ; Lost fanout        ;
; cd:caminodatos|regfile:regs|regb~214    ; Lost fanout        ;
; cd:caminodatos|regfile:regs|regb~215    ; Lost fanout        ;
; cd:caminodatos|regfile:regs|regb~216    ; Lost fanout        ;
; cd:caminodatos|regfile:regs|regb~217    ; Lost fanout        ;
; cd:caminodatos|regfile:regs|regb~218    ; Lost fanout        ;
; cd:caminodatos|regfile:regs|regb~219    ; Lost fanout        ;
; cd:caminodatos|regfile:regs|regb~220    ; Lost fanout        ;
; cd:caminodatos|regfile:regs|regb~221    ; Lost fanout        ;
; cd:caminodatos|regfile:regs|regb~222    ; Lost fanout        ;
; cd:caminodatos|regfile:regs|regb~223    ; Lost fanout        ;
; cd:caminodatos|regfile:regs|regb~224    ; Lost fanout        ;
; cd:caminodatos|regfile:regs|regb~225    ; Lost fanout        ;
; cd:caminodatos|regfile:regs|regb~226    ; Lost fanout        ;
; cd:caminodatos|regfile:regs|regb~227    ; Lost fanout        ;
; cd:caminodatos|regfile:regs|regb~228    ; Lost fanout        ;
; cd:caminodatos|regfile:regs|regb~229    ; Lost fanout        ;
; cd:caminodatos|regfile:regs|regb~230    ; Lost fanout        ;
; cd:caminodatos|regfile:regs|regb~231    ; Lost fanout        ;
; cd:caminodatos|regfile:regs|regb~232    ; Lost fanout        ;
; cd:caminodatos|regfile:regs|regb~233    ; Lost fanout        ;
; cd:caminodatos|regfile:regs|regb~234    ; Lost fanout        ;
; cd:caminodatos|regfile:regs|regb~235    ; Lost fanout        ;
; cd:caminodatos|regfile:regs|regb~236    ; Lost fanout        ;
; cd:caminodatos|regfile:regs|regb~237    ; Lost fanout        ;
; cd:caminodatos|regfile:regs|regb~238    ; Lost fanout        ;
; cd:caminodatos|regfile:regs|regb~239    ; Lost fanout        ;
; cd:caminodatos|regfile:regs|regb~240    ; Lost fanout        ;
; cd:caminodatos|regfile:regs|regb~241    ; Lost fanout        ;
; cd:caminodatos|regfile:regs|regb~242    ; Lost fanout        ;
; cd:caminodatos|regfile:regs|regb~243    ; Lost fanout        ;
; cd:caminodatos|regfile:regs|regb~244    ; Lost fanout        ;
; cd:caminodatos|regfile:regs|regb~245    ; Lost fanout        ;
; cd:caminodatos|regfile:regs|regb~246    ; Lost fanout        ;
; cd:caminodatos|regfile:regs|regb~247    ; Lost fanout        ;
; cd:caminodatos|regfile:regs|regb~248    ; Lost fanout        ;
; cd:caminodatos|regfile:regs|regb~249    ; Lost fanout        ;
; cd:caminodatos|regfile:regs|regb~250    ; Lost fanout        ;
; cd:caminodatos|regfile:regs|regb~251    ; Lost fanout        ;
; cd:caminodatos|regfile:regs|regb~252    ; Lost fanout        ;
; cd:caminodatos|regfile:regs|regb~253    ; Lost fanout        ;
; cd:caminodatos|regfile:regs|regb~254    ; Lost fanout        ;
; cd:caminodatos|regfile:regs|regb~255    ; Lost fanout        ;
; Total Number of Removed Registers = 128 ;                    ;
+-----------------------------------------+--------------------+


+------------------------------------------------------+
; General Register Statistics                          ;
+----------------------------------------------+-------+
; Statistic                                    ; Value ;
+----------------------------------------------+-------+
; Total registers                              ; 1329  ;
; Number of registers using Synchronous Clear  ; 4     ;
; Number of registers using Synchronous Load   ; 6     ;
; Number of registers using Asynchronous Clear ; 13    ;
; Number of registers using Asynchronous Load  ; 0     ;
; Number of registers using Clock Enable       ; 1318  ;
; Number of registers using Preset             ; 0     ;
+----------------------------------------------+-------+


+-----------------------------------------------------------------------------------------------------------------------------------------------------+
; Multiplexer Restructuring Statistics (Restructuring Performed)                                                                                      ;
+--------------------+-----------+---------------+----------------------+------------------------+------------+---------------------------------------+
; Multiplexer Inputs ; Bus Width ; Baseline Area ; Area if Restructured ; Saving if Restructured ; Registered ; Example Multiplexer Output            ;
+--------------------+-----------+---------------+----------------------+------------------------+------------+---------------------------------------+
; 3:1                ; 4 bits    ; 8 LEs         ; 8 LEs                ; 0 LEs                  ; Yes        ; |cpu|cd:caminodatos|registro:PCR|q[4] ;
; 3:1                ; 6 bits    ; 12 LEs        ; 12 LEs               ; 0 LEs                  ; Yes        ; |cpu|cd:caminodatos|registro:PCR|q[0] ;
; 4:1                ; 3 bits    ; 6 LEs         ; 6 LEs                ; 0 LEs                  ; Yes        ; |cpu|cd:caminodatos|stack:pila|sp[2]  ;
; 16:1               ; 16 bits   ; 160 LEs       ; 96 LEs               ; 64 LEs                 ; No         ; |cpu|cd:caminodatos|alu:mialu|Mux16   ;
+--------------------+-----------+---------------+----------------------+------------------------+------------+---------------------------------------+


+--------------------------------------------------------------------------+
; Parameter Settings for User Entity Instance: cd:caminodatos|registro:PCR ;
+----------------+-------+-------------------------------------------------+
; Parameter Name ; Value ; Type                                            ;
+----------------+-------+-------------------------------------------------+
; WIDTH          ; 10    ; Signed Integer                                  ;
+----------------+-------+-------------------------------------------------+
Note: In order to hide this table in the UI and the text report file, please set the "Show Parameter Settings in Synthesis Report" option in "Analysis and Synthesis Settings -> More Settings" to "Off".


+------------------------------------------------------------------------+
; Parameter Settings for User Entity Instance: cd:caminodatos|mux2:muxpc ;
+----------------+-------+-----------------------------------------------+
; Parameter Name ; Value ; Type                                          ;
+----------------+-------+-----------------------------------------------+
; WIDTH          ; 10    ; Signed Integer                                ;
+----------------+-------+-----------------------------------------------+
Note: In order to hide this table in the UI and the text report file, please set the "Show Parameter Settings in Synthesis Report" option in "Analysis and Synthesis Settings -> More Settings" to "Off".


+-------------------------------------------------------------------------------+
; Parameter Settings for User Entity Instance: cd:caminodatos|mux2:muxescritura ;
+----------------+-------+------------------------------------------------------+
; Parameter Name ; Value ; Type                                                 ;
+----------------+-------+------------------------------------------------------+
; WIDTH          ; 16    ; Signed Integer                                       ;
+----------------+-------+------------------------------------------------------+
Note: In order to hide this table in the UI and the text report file, please set the "Show Parameter Settings in Synthesis Report" option in "Analysis and Synthesis Settings -> More Settings" to "Off".


+--------------------------------------------------------------------------+
; Parameter Settings for User Entity Instance: cd:caminodatos|mux2:muxpila ;
+----------------+-------+-------------------------------------------------+
; Parameter Name ; Value ; Type                                            ;
+----------------+-------+-------------------------------------------------+
; WIDTH          ; 10    ; Signed Integer                                  ;
+----------------+-------+-------------------------------------------------+
Note: In order to hide this table in the UI and the text report file, please set the "Show Parameter Settings in Synthesis Report" option in "Analysis and Synthesis Settings -> More Settings" to "Off".


+------------------------------------------------------------------------+
; Parameter Settings for User Entity Instance: cd:caminodatos|mux2:muxr1 ;
+----------------+-------+-----------------------------------------------+
; Parameter Name ; Value ; Type                                          ;
+----------------+-------+-----------------------------------------------+
; WIDTH          ; 16    ; Signed Integer                                ;
+----------------+-------+-----------------------------------------------+
Note: In order to hide this table in the UI and the text report file, please set the "Show Parameter Settings in Synthesis Report" option in "Analysis and Synthesis Settings -> More Settings" to "Off".


+-----------------------------------------------------------------------------------------------------------------------------------------------------------------------------+
; Port Connectivity Checks: "cd:caminodatos|sum:suma_inc"                                                                                                                     ;
+---------+--------+----------+-----------------------------------------------------------------------------------------------------------------------------------------------+
; Port    ; Type   ; Severity ; Details                                                                                                                                       ;
+---------+--------+----------+-----------------------------------------------------------------------------------------------------------------------------------------------+
; a       ; Input  ; Warning  ; Input port expression (10 bits) is smaller than the input port (16 bits) it drives.  Extra input bit(s) "a[15..10]" will be connected to GND. ;
; a[9..1] ; Input  ; Info     ; Stuck at GND                                                                                                                                  ;
; a[6]    ; Input  ; Info     ; Stuck at VCC                                                                                                                                  ;
; b       ; Input  ; Warning  ; Input port expression (10 bits) is smaller than the input port (16 bits) it drives.  Extra input bit(s) "b[15..10]" will be connected to GND. ;
; y       ; Output ; Warning  ; Output or bidir port (16 bits) is wider than the port expression (10 bits) it drives; bit(s) "y[15..10]" have no fanouts                      ;
+---------+--------+----------+-----------------------------------------------------------------------------------------------------------------------------------------------+


+-------------------------------+
; Elapsed Time Per Partition    ;
+----------------+--------------+
; Partition Name ; Elapsed Time ;
+----------------+--------------+
; Top            ; 00:00:04     ;
+----------------+--------------+


+-------------------------------+
; Analysis & Synthesis Messages ;
+-------------------------------+
Info: *******************************************************************
Info: Running Quartus II 64-Bit Analysis & Synthesis
    Info: Version 13.0.1 Build 232 06/12/2013 Service Pack 1 SJ Web Edition
    Info: Processing started: Sat Mar 14 23:08:16 2026
Info: Command: quartus_map --read_settings_files=on --write_settings_files=off actividad2_1 -c actividad2_1
Warning (20028): Parallel compilation is not licensed and has been disabled
Info (12021): Found 0 design units, including 0 entities, in source file asm.cpp
Info (12021): Found 1 design units, including 1 entities, in source file uc.v
    Info (12023): Found entity 1: uc
Info (12021): Found 3 design units, including 3 entities, in source file memprog.v
    Info (12023): Found entity 1: memprog
    Info (12023): Found entity 2: memdat
    Info (12023): Found entity 3: stack
Info (12021): Found 1 design units, including 1 entities, in source file de1_tb.v
    Info (12023): Found entity 1: DE1_tb
Info (12021): Found 2 design units, including 2 entities, in source file de1_system.v
    Info (12023): Found entity 1: DE1_System
    Info (12023): Found entity 2: hexdec
Info (12021): Found 1 design units, including 1 entities, in source file cpu_tb.v
    Info (12023): Found entity 1: cpu_tb
Info (12021): Found 1 design units, including 1 entities, in source file cpu.v
    Info (12023): Found entity 1: cpu
Info (12021): Found 6 design units, including 6 entities, in source file componentes.v
    Info (12023): Found entity 1: regfile
    Info (12023): Found entity 2: sum
    Info (12023): Found entity 3: registro
    Info (12023): Found entity 4: mux2
    Info (12023): Found entity 5: mux4
    Info (12023): Found entity 6: ffd
Info (12021): Found 1 design units, including 1 entities, in source file cd.v
    Info (12023): Found entity 1: cd
Info (12021): Found 1 design units, including 1 entities, in source file alu.v
    Info (12023): Found entity 1: alu
Info (12127): Elaborating entity "cpu" for the top level hierarchy
Info (12128): Elaborating entity "cd" for hierarchy "cd:caminodatos"
Info (12128): Elaborating entity "registro" for hierarchy "cd:caminodatos|registro:PCR"
Info (12128): Elaborating entity "regfile" for hierarchy "cd:caminodatos|regfile:regs"
Info (12128): Elaborating entity "memprog" for hierarchy "cd:caminodatos|memprog:memoriaprograma"
Warning (10850): Verilog HDL warning at memprog.v(11): number of words (15) in memory file does not match the number of elements in the address range [0:63]
Warning (10030): Net "mem.data_a" at memprog.v(7) has no driver or initial value, using a default initial value '0'
Warning (10030): Net "mem.waddr_a" at memprog.v(7) has no driver or initial value, using a default initial value '0'
Warning (10030): Net "mem.we_a" at memprog.v(7) has no driver or initial value, using a default initial value '0'
Info (12128): Elaborating entity "ffd" for hierarchy "cd:caminodatos|ffd:zer"
Info (12128): Elaborating entity "alu" for hierarchy "cd:caminodatos|alu:mialu"
Info (12128): Elaborating entity "mux2" for hierarchy "cd:caminodatos|mux2:muxpc"
Info (12128): Elaborating entity "sum" for hierarchy "cd:caminodatos|sum:suma_inc"
Info (12128): Elaborating entity "mux2" for hierarchy "cd:caminodatos|mux2:muxescritura"
Info (12128): Elaborating entity "stack" for hierarchy "cd:caminodatos|stack:pila"
Info (12128): Elaborating entity "memdat" for hierarchy "cd:caminodatos|memdat:memoriadatos"
Info (12128): Elaborating entity "uc" for hierarchy "uc:unidadcontrol"
Info (276014): Found 3 instances of uninferred RAM logic
    Info (276007): RAM logic "cd:caminodatos|stack:pila|stackmem" is uninferred due to asynchronous read logic
    Info (276007): RAM logic "cd:caminodatos|regfile:regs|regb" is uninferred due to asynchronous read logic
    Info (276007): RAM logic "cd:caminodatos|memdat:memoriadatos|mem" is uninferred due to asynchronous read logic
Warning (127007): Memory Initialization File or Hexadecimal (Intel-Format) File "C:/Users/User/Desktop/Proyectos/3/Diseno_Procesadores/Actividad_2_1/db/actividad2_1.ram0_memprog_5f24dd89.hdl.mif" contains "don't care" values -- overwriting them with 0s
Warning (12241): 1 hierarchies have connectivity warnings - see the Connectivity Checks report folder
Info (17049): 128 registers lost all their fanouts during netlist optimizations.
Info (144001): Generated suppressed messages file C:/Users/User/Desktop/Proyectos/3/Diseno_Procesadores/Actividad_2_1/output_files/actividad2_1.map.smsg
Info (16010): Generating hard_block partition "hard_block:auto_generated_inst"
    Info (16011): Adding 0 node(s), including 0 DDIO, 0 PLL, 0 transceiver and 0 LCELL
Info (21057): Implemented 2715 device resources after synthesis - the final resource count might be different
    Info (21058): Implemented 2 input pins
    Info (21059): Implemented 10 output pins
    Info (21061): Implemented 2703 logic cells
Info: Quartus II 64-Bit Analysis & Synthesis was successful. 0 errors, 7 warnings
    Info: Peak virtual memory: 4641 megabytes
    Info: Processing ended: Sat Mar 14 23:08:24 2026
    Info: Elapsed time: 00:00:08
    Info: Total CPU time (on all processors): 00:00:06


+------------------------------------------+
; Analysis & Synthesis Suppressed Messages ;
+------------------------------------------+
The suppressed messages can be found in C:/Users/User/Desktop/Proyectos/3/Diseno_Procesadores/Actividad_2_1/output_files/actividad2_1.map.smsg.


